<testsuites name="jest tests" tests="1" failures="0" time="1.491">
  <testsuite name="undefined" errors="0" failures="0" skipped="0" timestamp="2021-10-14T15:57:14" time="1.491" tests="1">
    <testcase classname=" renders without crashing" name=" renders without crashing" time="0.068">
    </testcase>
  </testsuite>
</testsuites>